// Jest Snapshot v1, https://goo.gl/fbAQLP

exports[`Villager component renders a Villager 1`] = `
<DocumentFragment>
  <figure
    class="Villager"
  >
    <img
      alt="Test Villager"
      src="http://placeholder.com/villager"
    />
    <figcaption>
      Test Villager
    </figcaption>
  </figure>
</DocumentFragment>
`;
