// Jest Snapshot v1, https://goo.gl/fbAQLP

exports[`App component renders App 1`] = `
<DocumentFragment>
  <div>
    <img
      alt="Loading"
      class="Loading"
      src="https://media0.giphy.com/media/VJCSpN9VaG7K4p3CUj/source.gif"
    />
  </div>
</DocumentFragment>
`;
